TAP version 13
# Subtest: AUD-010 UX-010: UI audit choices never widen role-specific server permissions
ok 1 - AUD-010 UX-010: UI audit choices never widen role-specific server permissions
  ---
  duration_ms: 1.305637
  type: 'test'
  ...
# Subtest: AUD-010 UX-010: role-scoped reviewers cannot navigate to unauthorized coverage or action data
ok 2 - AUD-010 UX-010: role-scoped reviewers cannot navigate to unauthorized coverage or action data
  ---
  duration_ms: 1.229397
  type: 'test'
  ...
# Subtest: ACT-001 ACT-003: stable field order and exact material binding
ok 3 - ACT-001 ACT-003: stable field order and exact material binding
  ---
  duration_ms: 1.142218
  type: 'test'
  ...
# Subtest: ACT-007: ambiguous encodings and unknown types rejected
ok 4 - ACT-007: ambiguous encodings and unknown types rejected
  ---
  duration_ms: 0.424879
  type: 'test'
  ...
# Subtest: ACT-003: strict parser rejects duplicate keys, trailing values and prototype keys
ok 5 - ACT-003: strict parser rejects duplicate keys, trailing values and prototype keys
  ---
  duration_ms: 0.618359
  type: 'test'
  ...
# Subtest: ACT-003: 2000 deterministic canonical round trips with integer and Unicode vectors
ok 6 - ACT-003: 2000 deterministic canonical round trips with integer and Unicode vectors
  ---
  duration_ms: 36.004153
  type: 'test'
  ...
# Subtest: ACT-007: oversized nesting and bodies rejected
ok 7 - ACT-007: oversized nesting and bodies rejected
  ---
  duration_ms: 1.699876
  type: 'test'
  ...
# Subtest: COM-002 KEY-007: Ed25519 domain-separated signatures reject every altered field
ok 8 - COM-002 KEY-007: Ed25519 domain-separated signatures reject every altered field
  ---
  duration_ms: 3.666143
  type: 'test'
  ...
# Subtest: AUD-003: AES-GCM binds ciphertext to tenant, record id and key
ok 9 - AUD-003: AES-GCM binds ciphertext to tenant, record id and key
  ---
  duration_ms: 1.116568
  type: 'test'
  ...
# Subtest: NFR-TST-001 TRACE-001: ledger enumerates the SRS, not historical completion arrays
ok 10 - NFR-TST-001 TRACE-001: ledger enumerates the SRS, not historical completion arrays
  ---
  duration_ms: 4.49877
  type: 'test'
  ...
# Subtest: NFR-TST-001: missing, stale, failed and merely ID-named evidence never closes a requirement
ok 11 - NFR-TST-001: missing, stale, failed and merely ID-named evidence never closes a requirement
  ---
  duration_ms: 0.607888
  type: 'test'
  ...
# Subtest: NFR-TST-001: execution parser preserves failures and rejects skipped tests as proof
ok 12 - NFR-TST-001: execution parser preserves failures and rejects skipped tests as proof
  ---
  duration_ms: 0.838628
  type: 'test'
  ...
# Subtest: KEY-005 KEY-006: algorithm migration preserves historical signatures and binds suite
ok 13 - KEY-005 KEY-006: algorithm migration preserves historical signatures and binds suite
  ---
  duration_ms: 6.450586
  type: 'test'
  ...
# Subtest: RUN-010: signed startup, tampering withdrawal, quorum reload and downgrade rejection
ok 14 - RUN-010: signed startup, tampering withdrawal, quorum reload and downgrade rejection
  ---
  duration_ms: 51.818339
  type: 'test'
  ...
# Subtest: ACT-012: deterministic nested composition rejects cycles, duplicates, hidden and missing authority
ok 15 - ACT-012: deterministic nested composition rejects cycles, duplicates, hidden and missing authority
  ---
  duration_ms: 0.872168
  type: 'test'
  ...
# Subtest: ACT-012 UX-006: exact batch signatures execute each child once and never manufacture child authority
ok 16 - ACT-012 UX-006: exact batch signatures execute each child once and never manufacture child authority
  ---
  duration_ms: 99.300859
  type: 'test'
  ...
# Subtest: UX-006: hidden additions and changed child evidence invalidate every batch approval
ok 17 - UX-006: hidden additions and changed child evidence invalidate every batch approval
  ---
  duration_ms: 49.629415
  type: 'test'
  ...
# Subtest: POL-013 POL-014: emergency requires simulation and quorum, restricts exact scope, expires without reviving revocations
ok 18 - POL-013 POL-014: emergency requires simulation and quorum, restricts exact scope, expires without reviving revocations
  ---
  duration_ms: 65.675531
  type: 'test'
  ...
# Subtest: AUD-010: role projections reject cross-role/tenant access and never expose full source envelopes
ok 19 - AUD-010: role projections reject cross-role/tenant access and never expose full source envelopes
  ---
  duration_ms: 39.764486
  type: 'test'
  ...
# Subtest: DAT-005 DAT-011: watermark is opt-in, attributed, deterministic and never mutates source data
ok 20 - DAT-005 DAT-011: watermark is opt-in, attributed, deterministic and never mutates source data
  ---
  duration_ms: 0.968418
  type: 'test'
  ...
# Subtest: AIG-003 AIG-004 AIG-007: advisory extraction preserves runner-bound provenance and enforces narrow source, tenant and output authority
ok 21 - AIG-003 AIG-004 AIG-007: advisory extraction preserves runner-bound provenance and enforces narrow source, tenant and output authority
  ---
  duration_ms: 30.070636
  type: 'test'
  ...
# Subtest: AIG-010: versioned adversarial regression prevents provider promotion
ok 22 - AIG-010: versioned adversarial regression prevents provider promotion
  ---
  duration_ms: 26.580663
  type: 'test'
  ...
# Subtest: CON-006 NFR-MNT-005: lifecycle forbids EOL use and silent downgrade and preserves migration instructions
ok 23 - CON-006 NFR-MNT-005: lifecycle forbids EOL use and silent downgrade and preserves migration instructions
  ---
  duration_ms: 27.908451
  type: 'test'
  ...
# Subtest: COV-001 COV-003 COV-004 COV-005 COV-006 COV-009 COV-010 CON-006: real isolated tests detect direct bypass and keep coverage UNKNOWN
ok 24 - COV-001 COV-003 COV-004 COV-005 COV-006 COV-009 COV-010 CON-006: real isolated tests detect direct bypass and keep coverage UNKNOWN
  ---
  duration_ms: 232.629875
  type: 'test'
  ...
# Subtest: COM-012: HTTP aggregate reconciliation verifies the journal without repeating target mutations
ok 25 - COM-012: HTTP aggregate reconciliation verifies the journal without repeating target mutations
  ---
  duration_ms: 128.134038
  type: 'test'
  ...
# Subtest: COV-003 COV-010: isolated Fabric/target execution detects the direct target bypass and cannot claim enforcement
ok 26 - COV-003 COV-010: isolated Fabric/target execution detects the direct target bypass and cannot claim enforcement
  ---
  duration_ms: 162.113996
  type: 'test'
  ...
# Subtest: COV-005: a protected transaction preserves the direct-bypass withdrawal without a coverage read
ok 27 - COV-005: a protected transaction preserves the direct-bypass withdrawal without a coverage read
  ---
  duration_ms: 147.461427
  type: 'test'
  ...
# Subtest: COV-003 COV-010 CON-006: bypass evidence is exact and connector downgrades fail closed
ok 28 - COV-003 COV-010 CON-006: bypass evidence is exact and connector downgrades fail closed
  ---
  duration_ms: 131.88506
  type: 'test'
  ...
# Subtest: AIG-004 AIG-010: only an executable durable local regression can promote the configured advisory model
ok 29 - AIG-004 AIG-010: only an executable durable local regression can promote the configured advisory model
  ---
  duration_ms: 27.047482
  type: 'test'
  ...
# Subtest: CON-006: unregistered versions and post-floor retrograde registration fail closed
ok 30 - CON-006: unregistered versions and post-floor retrograde registration fail closed
  ---
  duration_ms: 26.548864
  type: 'test'
  ...
# Subtest: EVD-003 EVD-006 EVD-010 EVD-011: signed evidence requires purpose-limited provenance and safe AI classification
ok 31 - EVD-003 EVD-006 EVD-010 EVD-011: signed evidence requires purpose-limited provenance and safe AI classification
  ---
  duration_ms: 49.897174
  type: 'test'
  ...
# Subtest: EVD-007 EVD-008 EVD-009: stale, revoked, and conflicting evidence produce distinct fail-closed reasons
ok 32 - EVD-007 EVD-008 EVD-009: stale, revoked, and conflicting evidence produce distinct fail-closed reasons
  ---
  duration_ms: 53.297177
  type: 'test'
  ...
# Subtest: DAT-011: output attribution validates source and policy without mutating protected rows
ok 33 - DAT-011: output attribution validates source and policy without mutating protected rows
  ---
  duration_ms: 1.539487
  type: 'test'
  ...
# Subtest: AUD-005 AUD-008 AUD-010: exports need pinned trust and projections exclude unassigned roles
ok 34 - AUD-005 AUD-008 AUD-010: exports need pinned trust and projections exclude unassigned roles
  ---
  duration_ms: 31.767923
  type: 'test'
  ...
# Subtest: DAT-012 AUD-006: customer retention instructions cap evidence retention and preserve legal holds
ok 35 - DAT-012 AUD-006: customer retention instructions cap evidence retention and preserve legal holds
  ---
  duration_ms: 48.091938
  type: 'test'
  ...
# Subtest: DAT-005 POL-004 DAT-011: SHIELD creates a new reduced capsule that needs independent evidence and authority before execution
ok 36 - DAT-005 POL-004 DAT-011: SHIELD creates a new reduced capsule that needs independent evidence and authority before execution
  ---
  duration_ms: 63.378875
  type: 'test'
  ...
# Subtest: DAT-012: local evidence erasure removes the prior ciphertext from live database and WAL storage
ok 37 - DAT-012: local evidence erasure removes the prior ciphertext from live database and WAL storage
  ---
  duration_ms: 33.576679
  type: 'test'
  ...
# Subtest: COM-002: all independently signed certificate binding mutations still fail registered-authority equality
ok 38 - COM-002: all independently signed certificate binding mutations still fail registered-authority equality
  ---
  duration_ms: 66.282109
  type: 'test'
  ...
# Subtest: RUN-004: runtime issuer-key revocation and active-policy change invalidate cached token
ok 39 - RUN-004: runtime issuer-key revocation and active-policy change invalidate cached token
  ---
  duration_ms: 32.578531
  type: 'test'
  ...
# Subtest: DAT-001 COM-009: exact data export cannot return extra columns from downstream
ok 40 - DAT-001 COM-009: exact data export cannot return extra columns from downstream
  ---
  duration_ms: 36.979412
  type: 'test'
  ...
# Subtest: DAT-001: caller cannot mislabel dataset jurisdiction or sensitivity
ok 41 - DAT-001: caller cannot mislabel dataset jurisdiction or sensitivity
  ---
  duration_ms: 32.244821
  type: 'test'
  ...
# Subtest: IDN-001 POL-011: an initiator cannot approve their own protected action even with an eligible signing key
ok 42 - IDN-001 POL-011: an initiator cannot approve their own protected action even with an eligible signing key
  ---
  duration_ms: 31.164924
  type: 'test'
  ...
# Subtest: AIG-006: source prose cannot override typed policy fields
ok 43 - AIG-006: source prose cannot override typed policy fields
  ---
  duration_ms: 26.485203
  type: 'test'
  ...
# Subtest: KEY-010 NFR-MNT-002: independent verifiers reject signed-log tampering and duplicate JSON keys
ok 44 - KEY-010 NFR-MNT-002: independent verifiers reject signed-log tampering and duplicate JSON keys
  ---
  duration_ms: 286.9296
  type: 'test'
  ...
# Subtest: ACT-007 UX-002: unsupported or ambiguous currency scales fail rather than render a false amount
ok 45 - ACT-007 UX-002: unsupported or ambiguous currency scales fail rather than render a false amount
  ---
  duration_ms: 26.561393
  type: 'test'
  ...
# Subtest: POL-001 POL-002 POL-015: exact inputs and trusted test time produce identical decision and reasons
ok 46 - POL-001 POL-002 POL-015: exact inputs and trusted test time produce identical decision and reasons
  ---
  duration_ms: 176.421695
  type: 'test'
  ...
# Subtest: CON-004 COM-012: missing data-output fields return UNCERTAIN rather than an exception after dispatch
ok 47 - CON-004 COM-012: missing data-output fields return UNCERTAIN rather than an exception after dispatch
  ---
  duration_ms: 35.916244
  type: 'test'
  ...
# Subtest: COM-005 ACT-012: an atomic batch failure leaves no target mutation and records every child as uncertain
ok 48 - COM-005 ACT-012: an atomic batch failure leaves no target mutation and records every child as uncertain
  ---
  duration_ms: 108.979479
  type: 'test'
  ...
# Subtest: COM-005 COM-012: a real process kill after batch reservation restarts into journal-only aggregate reconciliation
ok 49 - COM-005 COM-012: a real process kill after batch reservation restarts into journal-only aggregate reconciliation
  ---
  duration_ms: 190.067057
  type: 'test'
  ...
# Subtest: COM-005 COM-012: response loss after an atomic commit reconciles the one target journal without redispatch
ok 50 - COM-005 COM-012: response loss after an atomic commit reconciles the one target journal without redispatch
  ---
  duration_ms: 84.92957
  type: 'test'
  ...
# Subtest: ACT-012 POL-009: policy activation cannot be hidden inside a batch
ok 51 - ACT-012 POL-009: policy activation cannot be hidden inside a batch
  ---
  duration_ms: 37.46651
  type: 'test'
  ...
# Subtest: POL-008 POL-010 POL-014: activation respects the staged window and preserves immutable rollback history and revocations
ok 52 - POL-008 POL-010 POL-014: activation respects the staged window and preserves immutable rollback history and revocations
  ---
  duration_ms: 196.607893
  type: 'test'
  ...
# Subtest: POL-013: emergency simulation validates at its persisted transaction time and expiry notifies security
ok 53 - POL-013: emergency simulation validates at its persisted transaction time and expiry notifies security
  ---
  duration_ms: 43.568808
  type: 'test'
  ...
# Subtest: POL-008: policy promotion rejects skipped stages, foreign signers, stale reports and tampered reviewed commits
ok 54 - POL-008: policy promotion rejects skipped stages, foreign signers, stale reports and tampered reviewed commits
  ---
  duration_ms: 43.157448
  type: 'test'
  ...
# Subtest: POL-008: stale simulations and newly revoked promotion custodians invalidate production promotion
ok 55 - POL-008: stale simulations and newly revoked promotion custodians invalidate production promotion
  ---
  duration_ms: 64.939522
  type: 'test'
  ...
# Subtest: POL-008: a revoked verified policy artifact cannot remain promotion authority
ok 56 - POL-008: a revoked verified policy artifact cannot remain promotion authority
  ---
  duration_ms: 57.192748
  type: 'test'
  ...
# Subtest: POL-008: a revoked build issuer invalidates a previously signed policy promotion
ok 57 - POL-008: a revoked build issuer invalidates a previously signed policy promotion
  ---
  duration_ms: 56.075071
  type: 'test'
  ...
# Subtest: NFR-OPS-003 NFR-OPS-004: high-severity alerts enforce owner acknowledgement and incidents cannot skip recovery stages
ok 58 - NFR-OPS-003 NFR-OPS-004: high-severity alerts enforce owner acknowledgement and incidents cannot skip recovery stages
  ---
  duration_ms: 31.539023
  type: 'test'
  ...
# Subtest: NFR-OPS-005: deployment must progress staging to canary to production and rollback retains current policy/key integrity
ok 59 - NFR-OPS-005: deployment must progress staging to canary to production and rollback retains current policy/key integrity
  ---
  duration_ms: 51.262912
  type: 'test'
  ...
# Subtest: NFR-OPS-001 NFR-OPS-005: unsigned or revoked artifacts cannot be staged or selected for rollback
ok 60 - NFR-OPS-001 NFR-OPS-005: unsigned or revoked artifacts cannot be staged or selected for rollback
  ---
  duration_ms: 45.465974
  type: 'test'
  ...
# Subtest: HTTP: health, ready, console assets and hardened headers are served
ok 61 - HTTP: health, ready, console assets and hardened headers are served
  ---
  duration_ms: 68.841203
  type: 'test'
  ...
# Subtest: HTTP: missing/expired auth, cross origin, unknown host, traversal and cross-tenant objects denied
ok 62 - HTTP: missing/expired auth, cross origin, unknown host, traversal and cross-tenant objects denied
  ---
  duration_ms: 39.835725
  type: 'test'
  ...
# Subtest: HTTP: duplicate keys, wrong content-type and huge bodies reject safely
ok 63 - HTTP: duplicate keys, wrong content-type and huge bodies reject safely
  ---
  duration_ms: 37.990749
  type: 'test'
  ...
# Subtest: HTTP: same-origin HttpOnly cookie session requires CSRF and logs out
ok 64 - HTTP: same-origin HttpOnly cookie session requires CSRF and logs out
  ---
  duration_ms: 31.388193
  type: 'test'
  ...
# Subtest: HTTP: full propose -> evidence -> independent signatures -> ALLOW -> certificate -> execute -> audit
ok 65 - HTTP: full propose -> evidence -> independent signatures -> ALLOW -> certificate -> execute -> audit
  ---
  duration_ms: 73.110805
  type: 'test'
  ...
# Subtest: PER-007 PER-009: Secure Perception remains explicitly unavailable and fails closed
ok 66 - PER-007 PER-009: Secure Perception remains explicitly unavailable and fails closed
  ---
  duration_ms: 26.476943
  type: 'test'
  ...
# Subtest: COM-003 NFR-TST-002: eight independent gate workers race; exactly one certificate is consumed
ok 67 - COM-003 NFR-TST-002: eight independent gate workers race; exactly one certificate is consumed
  ---
  duration_ms: 809.200702
  type: 'test'
  ...
# Subtest: DAT-002: concurrent gates cannot overspend shared rolling budget
ok 68 - DAT-002: concurrent gates cannot overspend shared rolling budget
  ---
  duration_ms: 545.90607
  type: 'test'
  ...
# Subtest: NFR-SEC-004: bootstrap creates random credentials, private files and refuses overwrite
ok 69 - NFR-SEC-004: bootstrap creates random credentials, private files and refuses overwrite
  ---
  duration_ms: 49.737624
  type: 'test'
  ...
# Subtest: UX-002 UX-003: UI state logic exposes no generic approval or executable non-ALLOW state
ok 70 - UX-002 UX-003: UI state logic exposes no generic approval or executable non-ALLOW state
  ---
  duration_ms: 0.472909
  type: 'test'
  ...
# Subtest: UX-007: static interface labels all named inputs and uses no unsafe DOM injection sink
ok 71 - UX-007: static interface labels all named inputs and uses no unsafe DOM injection sink
  ---
  duration_ms: 1.000428
  type: 'test'
  ...
# Subtest: IDN-004: JIT privilege is exact-scoped, durable, and expires
ok 72 - IDN-004: JIT privilege is exact-scoped, durable, and expires
  ---
  duration_ms: 45.209914
  type: 'test'
  ...
# Subtest: IDN-005 IDN-006 IDN-010: recovery operations are separately recorded and reject weaker social recovery
ok 73 - IDN-005 IDN-006 IDN-010: recovery operations are separately recorded and reject weaker social recovery
  ---
  duration_ms: 37.68284
  type: 'test'
  ...
# Subtest: IDN-001 IDN-007 KEY-011: reset authenticator or revoked firmware fails protected capability issuance
ok 74 - IDN-001 IDN-007 KEY-011: reset authenticator or revoked firmware fails protected capability issuance
  ---
  duration_ms: 70.190261
  type: 'test'
  ...
# Subtest: IDN-001 IDN-007 IDN-008: revoked identity keys, hardware policy, and lifecycle epochs withdraw active authority
ok 75 - IDN-001 IDN-007 IDN-008: revoked identity keys, hardware policy, and lifecycle epochs withdraw active authority
  ---
  duration_ms: 150.733259
  type: 'test'
  ...
# Subtest: KEY-004 KEY-005 KEY-007 KEY-008 KEY-010 KEY-012: threshold key rotation preserves audit verification and prevents suite downgrade
ok 76 - KEY-004 KEY-005 KEY-007 KEY-008 KEY-010 KEY-012: threshold key rotation preserves audit verification and prevents suite downgrade
  ---
  duration_ms: 94.839769
  type: 'test'
  ...
# Subtest: KEY-005 KEY-008: same-suite renewal and multiple rotation restart restore the newest public key
ok 77 - KEY-005 KEY-008: same-suite renewal and multiple rotation restart restore the newest public key
  ---
  duration_ms: 164.407921
  type: 'test'
  ...
# Subtest: KEY-005 KEY-008 KEY-009 KEY-012: stale rotations or recoveries cannot supersede the current key
ok 78 - KEY-005 KEY-008 KEY-009 KEY-012: stale rotations or recoveries cannot supersede the current key
  ---
  duration_ms: 115.270695
  type: 'test'
  ...
# Subtest: KEY-005 KEY-006: migration sign and verification cutoffs are enforced from persisted key policy
ok 79 - KEY-005 KEY-006: migration sign and verification cutoffs are enforced from persisted key policy
  ---
  duration_ms: 33.978957
  type: 'test'
  ...
# Subtest: KEY-001 KEY-002 KEY-003 KEY-009: recovery survives restart and requires three independent custodians plus delay
ok 80 - KEY-001 KEY-002 KEY-003 KEY-009: recovery survives restart and requires three independent custodians plus delay
  ---
  duration_ms: 88.711002
  type: 'test'
  ...
# Subtest: COM-001 COM-009 COM-010: exact approved action executes and produces signed verified outcome
ok 81 - COM-001 COM-009 COM-010: exact approved action executes and produces signed verified outcome
  ---
  duration_ms: 73.478614
  type: 'test'
  ...
# Subtest: ACT-008: tampered schema digest rejected
ok 82 - ACT-008: tampered schema digest rejected
  ---
  duration_ms: 30.594205
  type: 'test'
  ...
# Subtest: ACT-011 COM-006: proposal idempotency returns exact first result; changed request rejected
ok 83 - ACT-011 COM-006: proposal idempotency returns exact first result; changed request rejected
  ---
  duration_ms: 34.685567
  type: 'test'
  ...
# Subtest: POL-003 POL-005: missing evidence/approvals cannot mint or execute
ok 84 - POL-003 POL-005: missing evidence/approvals cannot mint or execute
  ---
  duration_ms: 33.600608
  type: 'test'
  ...
# Subtest: POL-007: denied nonce cannot be revived or re-evaluated
ok 85 - POL-007: denied nonce cannot be revived or re-evaluated
  ---
  duration_ms: 30.218136
  type: 'test'
  ...
# Subtest: POL-006 COM-013: cooldown defers exact bank change
ok 86 - POL-006 COM-013: cooldown defers exact bank change
  ---
  duration_ms: 28.07854
  type: 'test'
  ...
# Subtest: COM-003: consumed certificate is never replayed
ok 87 - COM-003: consumed certificate is never replayed
  ---
  duration_ms: 44.335406
  type: 'test'
  ...
# Subtest: COM-004 ACT-004: stale target state invalidates certificate
ok 88 - COM-004 ACT-004: stale target state invalidates certificate
  ---
  duration_ms: 41.016493
  type: 'test'
  ...
# Subtest: COM-004: expired certificate fails closed
ok 89 - COM-004: expired certificate fails closed
  ---
  duration_ms: 38.775518
  type: 'test'
  ...
# Subtest: COM-011: dry-run does not mutate or consume certificate
ok 90 - COM-011: dry-run does not mutate or consume certificate
  ---
  duration_ms: 44.305136
  type: 'test'
  ...
# Subtest: COM-012: post-commit timeout becomes UNCERTAIN; reconciliation finds one durable mutation
ok 91 - COM-012: post-commit timeout becomes UNCERTAIN; reconciliation finds one durable mutation
  ---
  duration_ms: 45.983103
  type: 'test'
  ...
# Subtest: COM-005 COM-012: target failure before commit rolls back and stays uncertain without blind retry
ok 92 - COM-005 COM-012: target failure before commit rolls back and stays uncertain without blind retry
  ---
  duration_ms: 40.620183
  type: 'test'
  ...
# Subtest: CON-004 COM-009: malformed-response cannot produce false success
ok 93 - CON-004 COM-009: malformed-response cannot produce false success
  ---
  duration_ms: 43.827257
  type: 'test'
  ...
# Subtest: CON-004 COM-009: altered-response cannot produce false success
ok 94 - CON-004 COM-009: altered-response cannot produce false success
  ---
  duration_ms: 41.881651
  type: 'test'
  ...
# Subtest: COM-012: process crash reservation survives restart and prevents replay
ok 95 - COM-012: process crash reservation survives restart and prevents replay
  ---
  duration_ms: 51.959389
  type: 'test'
  ...
# Subtest: COM-013: cancellation closes issued authority
ok 96 - COM-013: cancellation closes issued authority
  ---
  duration_ms: 38.934128
  type: 'test'
  ...
# Subtest: NFR-SEC-005: cross-tenant read and execution rejected
ok 97 - NFR-SEC-005: cross-tenant read and execution rejected
  ---
  duration_ms: 37.381951
  type: 'test'
  ...
# Subtest: IDN-002: auditor login grants no mutation authority
ok 98 - IDN-002: auditor login grants no mutation authority
  ---
  duration_ms: 24.575887
  type: 'test'
  ...
# Subtest: AUD-003 CON-003: stored sensitive fields never appear as plaintext in database/WAL
ok 99 - AUD-003 CON-003: stored sensitive fields never appear as plaintext in database/WAL
  ---
  duration_ms: 44.558156
  type: 'test'
  ...
# Subtest: AUD-004: persisted clock regression halts security mutation
ok 100 - AUD-004: persisted clock regression halts security mutation
  ---
  duration_ms: 26.282754
  type: 'test'
  ...
# Subtest: EVD-001 EVD-002: correlated issuer and derivative evidence cannot satisfy independence
ok 101 - EVD-001 EVD-002: correlated issuer and derivative evidence cannot satisfy independence
  ---
  duration_ms: 35.279275
  type: 'test'
  ...
# Subtest: EVD-005 AIG-006: email/advisory evidence cannot confer authority
ok 102 - EVD-005 AIG-006: email/advisory evidence cannot confer authority
  ---
  duration_ms: 34.344187
  type: 'test'
  ...
# Subtest: EVD-009: conflicting evidence remains escrow despite sufficient positive sources
ok 103 - EVD-009: conflicting evidence remains escrow despite sufficient positive sources
  ---
  duration_ms: 37.833989
  type: 'test'
  ...
# Subtest: EVD-008: evidence revocation invalidates pending certificate immediately
ok 104 - EVD-008: evidence revocation invalidates pending certificate immediately
  ---
  duration_ms: 40.713964
  type: 'test'
  ...
# Subtest: EVD-003: tampered issuer signature and wrong tenant evidence are rejected
ok 105 - EVD-003: tampered issuer signature and wrong tenant evidence are rejected
  ---
  duration_ms: 28.039201
  type: 'test'
  ...
# Subtest: IDN-001: software signature cannot satisfy hardware-required policy
ok 106 - IDN-001: software signature cannot satisfy hardware-required policy
  ---
  duration_ms: 35.276835
  type: 'test'
  ...
# Subtest: POL-011: duplicate signer cannot satisfy threshold
ok 107 - POL-011: duplicate signer cannot satisfy threshold
  ---
  duration_ms: 33.841178
  type: 'test'
  ...
# Subtest: ACT-010: material change or graph change invalidates exact approval
ok 108 - ACT-010: material change or graph change invalidates exact approval
  ---
  duration_ms: 29.498887
  type: 'test'
  ...
# Subtest: COM-014 POL-009: 3-of-5 customer software quorum protects exact policy activation
ok 109 - COM-014 POL-009: 3-of-5 customer software quorum protects exact policy activation
  ---
  duration_ms: 106.120644
  type: 'test'
  ...
# Subtest: UC-02: exact first payment enforces beneficiary amount and cannot repeat
ok 110 - UC-02: exact first payment enforces beneficiary amount and cannot repeat
  ---
  duration_ms: 40.235945
  type: 'test'
  ...
# Subtest: COM-009: self-consistent but unauthorised observed state must not pass reconciliation
ok 111 - COM-009: self-consistent but unauthorised observed state must not pass reconciliation
  ---
  duration_ms: 42.02345
  type: 'test'
  ...
# Subtest: POL-010: exact candidate simulation required before policy certificate
ok 112 - POL-010: exact candidate simulation required before policy certificate
  ---
  duration_ms: 39.120767
  type: 'test'
  ...
# Subtest: NET-001 NET-002 NET-003 NET-007 NET-009 RUN-001: local process dispatch requires exact tenant/device/service capability, even offline
ok 113 - NET-001 NET-002 NET-003 NET-007 NET-009 RUN-001: local process dispatch requires exact tenant/device/service capability, even offline
  ---
  duration_ms: 44.495376
  type: 'test'
  ...
# Subtest: NET-004 NET-005 NET-006 NET-010 RUN-004 RUN-008 RUN-009: rate, quarantine, revocation, exhaustion and containment counters
ok 114 - NET-004 NET-005 NET-006 NET-010 RUN-004 RUN-008 RUN-009: rate, quarantine, revocation, exhaustion and containment counters
  ---
  duration_ms: 33.992568
  type: 'test'
  ...
# Subtest: PER-001 PER-003 PER-006 PER-007 PER-009 PER-010: software transport contract encrypts only allowed fields and never claims hardware assurance
ok 115 - PER-001 PER-003 PER-006 PER-007 PER-009 PER-010: software transport contract encrypts only allowed fields and never claims hardware assurance
  ---
  duration_ms: 75.34723
  type: 'test'
  ...
# Subtest: PER-007 KEY-011: existing sessions lose output immediately on attestor, firmware or device revocation
ok 116 - PER-007 KEY-011: existing sessions lose output immediately on attestor, firmware or device revocation
  ---
  duration_ms: 72.767436
  type: 'test'
  ...
# Subtest: PER-003 PER-006 PER-007: scope, purpose, clock rollback and expired sessions cannot release output
ok 117 - PER-003 PER-006 PER-007: scope, purpose, clock rollback and expired sessions cannot release output
  ---
  duration_ms: 119.620006
  type: 'test'
  ...
# Subtest: PER-006 PER-009 PER-010: bounded fallback recovers capacity and rejects weak display keys or hardware claims
ok 118 - PER-006 PER-009 PER-010: bounded fallback recovers capacity and rejects weak display keys or hardware claims
  ---
  duration_ms: 160.590598
  type: 'test'
  ...
# Subtest: NFR-SEC-005 UX-010: preview permits only configured hosts and origin-bound secure sessions
ok 119 - NFR-SEC-005 UX-010: preview permits only configured hosts and origin-bound secure sessions
  ---
  duration_ms: 67.819756
  type: 'test'
  ...
# Subtest: RUN-001 DAT-001: local scoped synthetic data read enforces rows and columns
ok 120 - RUN-001 DAT-001: local scoped synthetic data read enforces rows and columns
  ---
  duration_ms: 45.163344
  type: 'test'
  ...
# Subtest: DAT-002 DAT-009: low-and-slow extraction accumulates across newly minted capabilities
ok 121 - DAT-002 DAT-009: low-and-slow extraction accumulates across newly minted capabilities
  ---
  duration_ms: 173.016012
  type: 'test'
  ...
# Subtest: DAT-002: rolling budget recovers after bounded window expires
ok 122 - DAT-002: rolling budget recovers after bounded window expires
  ---
  duration_ms: 33.376809
  type: 'test'
  ...
# Subtest: DAT-003: server-controlled sensitivity weight increases information charge
ok 123 - DAT-003: server-controlled sensitivity weight increases information charge
  ---
  duration_ms: 28.12433
  type: 'test'
  ...
# Subtest: RUN-002 DAT-004: destination binding cannot be broadened
ok 124 - RUN-002 DAT-004: destination binding cannot be broadened
  ---
  duration_ms: 27.628031
  type: 'test'
  ...
# Subtest: RUN-002 DAT-004: device_id binding cannot be broadened
ok 125 - RUN-002 DAT-004: device_id binding cannot be broadened
  ---
  duration_ms: 25.547606
  type: 'test'
  ...
# Subtest: RUN-002 DAT-004: resource binding cannot be broadened
ok 126 - RUN-002 DAT-004: resource binding cannot be broadened
  ---
  duration_ms: 26.048875
  type: 'test'
  ...
# Subtest: RUN-002 DAT-004: purpose binding cannot be broadened
ok 127 - RUN-002 DAT-004: purpose binding cannot be broadened
  ---
  duration_ms: 26.536764
  type: 'test'
  ...
# Subtest: DAT-006: SQL-shaped columns and unrestricted row sets rejected
ok 128 - DAT-006: SQL-shaped columns and unrestricted row sets rejected
  ---
  duration_ms: 27.005253
  type: 'test'
  ...
# Subtest: RUN-007: cross-tenant capability cannot be consumed
ok 129 - RUN-007: cross-tenant capability cannot be consumed
  ---
  duration_ms: 25.890145
  type: 'test'
  ...
# Subtest: RUN-004 IDN-008: device quarantine rejects issued capability immediately
ok 130 - RUN-004 IDN-008: device quarantine rejects issued capability immediately
  ---
  duration_ms: 26.222234
  type: 'test'
  ...
# Subtest: RUN-003: stale configured device health prevents renewal
ok 131 - RUN-003: stale configured device health prevents renewal
  ---
  duration_ms: 23.77143
  type: 'test'
  ...
# Subtest: RUN-002: runtime request replay does not spend twice or return data twice
ok 132 - RUN-002: runtime request replay does not spend twice or return data twice
  ---
  duration_ms: 26.670413
  type: 'test'
  ...
# Subtest: NET-003 NET-004: local service envelope rejects other port and excess request rate
ok 133 - NET-003 NET-004: local service envelope rejects other port and excess request rate
  ---
  duration_ms: 43.644517
  type: 'test'
  ...
# Subtest: DAT-005 POL-004: restricted export requires a separately evidenced reduced-scope SHIELD successor
ok 134 - DAT-005 POL-004: restricted export requires a separately evidenced reduced-scope SHIELD successor
  ---
  duration_ms: 43.760007
  type: 'test'
  ...
# Subtest: AUD-001 AUD-005: export verifies with pinned root and rejects edit, reorder, removal and wrong root
ok 135 - AUD-001 AUD-005: export verifies with pinned root and rejects edit, reorder, removal and wrong root
  ---
  duration_ms: 40.824153
  type: 'test'
  ...
# Subtest: AUD-008: externally pinned prior checkpoint detects a fork and truncation
ok 136 - AUD-008: externally pinned prior checkpoint detects a fork and truncation
  ---
  duration_ms: 30.316356
  type: 'test'
  ...
# Subtest: AUD-001: append-only triggers reject SQL update and deletion
ok 137 - AUD-001: append-only triggers reject SQL update and deletion
  ---
  duration_ms: 26.753093
  type: 'test'
  ...
# Subtest: AUD-007: audit export access is itself recorded
ok 138 - AUD-007: audit export access is itself recorded
  ---
  duration_ms: 27.606361
  type: 'test'
  ...
# Subtest: DAT-012: expired evidence is held for active actions and legal hold; terminal evidence logically deleted
ok 139 - DAT-012: expired evidence is held for active actions and legal hold; terminal evidence logically deleted
  ---
  duration_ms: 37.43832
  type: 'test'
  ...
# Subtest: COV-002 COV-007 COV-008: no manual declaration can claim ENFORCED or production guarantee
ok 140 - COV-002 COV-007 COV-008: no manual declaration can claim ENFORCED or production guarantee
  ---
  duration_ms: 25.452336
  type: 'test'
  ...
# Subtest: POL-010 UX-008: policy simulation records diff without activating candidate
ok 141 - POL-010 UX-008: policy simulation records diff without activating candidate
  ---
  duration_ms: 25.624026
  type: 'test'
  ...
# Subtest: POL-012: fewer than 3 customer bootstrap signers cannot start the service
ok 142 - POL-012: fewer than 3 customer bootstrap signers cannot start the service
  ---
  duration_ms: 32.64791
  type: 'test'
  ...
# Subtest: RUN-005 RUN-010: local network gate requires a signed per-action configuration and rejects rollback
ok 143 - RUN-005 RUN-010: local network gate requires a signed per-action configuration and rejects rollback
  ---
  duration_ms: 51.271441
  type: 'test'
  ...
# Subtest: RUN-004 RUN-006 RUN-009: signed capability revocation is immediate, scoped and does not expose payloads
ok 144 - RUN-004 RUN-006 RUN-009: signed capability revocation is immediate, scoped and does not expose payloads
  ---
  duration_ms: 38.130559
  type: 'test'
  ...
# Subtest: RUN-008 RUN-009: malformed requests and failed local services fail closed without duplicate delivery
ok 145 - RUN-008 RUN-009: malformed requests and failed local services fail closed without duplicate delivery
  ---
  duration_ms: 33.854038
  type: 'test'
  ...
# Subtest: RUN-004 RUN-008: signer revocation withdraws a local gate and cache saturation preserves existing authority
ok 146 - RUN-004 RUN-008: signer revocation withdraws a local gate and cache saturation preserves existing authority
  ---
  duration_ms: 62.050278
  type: 'test'
  ...
# Subtest: RUN-010: runtime configuration rejection persists a version floor across a process restart
ok 147 - RUN-010: runtime configuration rejection persists a version floor across a process restart
  ---
  duration_ms: 34.065157
  type: 'test'
  ...
# Subtest: RUN-010: duplicate-key on-disk runtime configuration withdraws the gate
ok 148 - RUN-010: duplicate-key on-disk runtime configuration withdraws the gate
  ---
  duration_ms: 48.435837
  type: 'test'
  ...
# Subtest: NET-001 NET-003: loopback proxy mediates an actual HTTP request and blocks non-enrolled paths
ok 149 - NET-001 NET-003: loopback proxy mediates an actual HTTP request and blocks non-enrolled paths
  ---
  duration_ms: 72.456016
  type: 'test'
  ...
# Subtest: RUN-004: Fabric revocation is durably fed and acknowledged by a local gate
ok 150 - RUN-004: Fabric revocation is durably fed and acknowledged by a local gate
  ---
  duration_ms: 33.805708
  type: 'test'
  ...
# Subtest: RUN-004: a restarted gate recovers the durable feed, rejects invalid envelopes, and fails closed for stale entries
ok 151 - RUN-004: a restarted gate recovers the durable feed, rejects invalid envelopes, and fails closed for stale entries
  ---
  duration_ms: 51.153791
  type: 'test'
  ...
# Subtest: RUN-002: service capability consumption rejects a changed resource state
ok 152 - RUN-002: service capability consumption rejects a changed resource state
  ---
  duration_ms: 29.921927
  type: 'test'
  ...
# Subtest: RUN-005 NET-005 NET-006: configured constrained remediation is the only non-fail-closed infrastructure behavior
ok 153 - RUN-005 NET-005 NET-006: configured constrained remediation is the only non-fail-closed infrastructure behavior
  ---
  duration_ms: 31.957852
  type: 'test'
  ...
# Subtest: RUN-008: bounded revocation state withdraws the gate rather than evicting security state
ok 154 - RUN-008: bounded revocation state withdraws the gate rather than evicting security state
  ---
  duration_ms: 31.736702
  type: 'test'
  ...
# Subtest: RUN-006: primary runtime enforcement exposes bounded reason-coded counters without payloads
ok 155 - RUN-006: primary runtime enforcement exposes bounded reason-coded counters without payloads
  ---
  duration_ms: 27.926911
  type: 'test'
  ...
# Subtest: NET-005 NET-006 NET-010: signed endpoint-health expiry and agent-loss hooks quarantine, report duration, and recover only on fresh proof
ok 156 - NET-005 NET-006 NET-010: signed endpoint-health expiry and agent-loss hooks quarantine, report duration, and recover only on fresh proof
  ---
  duration_ms: 31.167794
  type: 'test'
  ...
# Subtest: ACT-002: every action schema rejects all missing capsule, actor, action, state and requested fields
ok 157 - ACT-002: every action schema rejects all missing capsule, actor, action, state and requested fields
  ---
  duration_ms: 17.183554
  type: 'test'
  ...
# Subtest: ACT-008: all schemas reject missing, unknown or substituted identifiers and digests
ok 158 - ACT-008: all schemas reject missing, unknown or substituted identifiers and digests
  ---
  duration_ms: 1.607197
  type: 'test'
  ...
# Subtest: ACT-002 ACT-011: the gate supplies tenant and collision-resistant capsule identity, never caller overrides
ok 159 - ACT-002 ACT-011: the gate supplies tenant and collision-resistant capsule identity, never caller overrides
  ---
  duration_ms: 37.531571
  type: 'test'
  ...
# Subtest: IDN-005 IDN-008 IDN-009: reset invalidates bearer and cookie credentials; independent custodians reissue one short-lived credential
ok 160 - IDN-005 IDN-008 IDN-009: reset invalidates bearer and cookie credentials; independent custodians reissue one short-lived credential
  ---
  duration_ms: 90.297988
  type: 'test'
  ...
# Subtest: IDN-001 IDN-007 IDN-008: credential reissue rejects an unattested custodian device
ok 161 - IDN-001 IDN-007 IDN-008: credential reissue rejects an unattested custodian device
  ---
  duration_ms: 46.266732
  type: 'test'
  ...
# Subtest: NFR-SEC-001 NFR-PERF-005: aborted and oversized clients cannot crash the HTTP gate
ok 162 - NFR-SEC-001 NFR-PERF-005: aborted and oversized clients cannot crash the HTTP gate
  ---
  duration_ms: 97.332113
  type: 'test'
  ...
# Subtest: NFR-SEC-001: repeated oversized aborts drain streams without an asynchronous transport failure after request completion
ok 163 - NFR-SEC-001: repeated oversized aborts drain streams without an asynchronous transport failure after request completion
  ---
  duration_ms: 194.922396
  type: 'test'
  ...
1..163
# tests 163
# suites 0
# pass 163
# fail 0
# cancelled 0
# skipped 0
# todo 0
# duration_ms 11761.325862
